// Jest Snapshot v1, https://goo.gl/fbAQLP

exports[`TodoAdder renders correctly 1`] = `
<View
  style={
    Object {
      "flexDirection": "row",
      "justifyContent": "flex-end",
    }
  }
>
  <Modal
    animationType="slide"
    hardwareAccelerated={false}
    onRequestClose={[Function]}
    transparent={false}
    visible={false}
  >
    <View
      style={
        Object {
          "flex": 1,
        }
      }
    >
      TodoSchema
    </View>
  </Modal>
  <View
    style={
      Object {
        "flex": 1,
      }
    }
  >
    <View
      style={
        Object {
          "alignItems": "center",
          "bottom": 20,
          "flexDirection": "column",
          "height": 56,
          "left": undefined,
          "position": "absolute",
          "right": 20,
          "top": undefined,
          "width": 56,
        }
      }
    >
      <View
        accessible={true}
        isTVSelectable={true}
        onResponderGrant={[Function]}
        onResponderMove={[Function]}
        onResponderRelease={[Function]}
        onResponderTerminate={[Function]}
        onResponderTerminationRequest={[Function]}
        onStartShouldSetResponder={[Function]}
        style={
          Object {
            "alignItems": "center",
            "backgroundColor": "#5067FF",
            "borderRadius": 28,
            "bottom": 0,
            "elevation": 4,
            "height": 56,
            "justifyContent": "center",
            "opacity": 1,
            "position": "absolute",
            "shadowColor": "#000",
            "shadowOffset": Object {
              "height": 2,
              "width": 0,
            },
            "shadowOpacity": 0.4,
            "shadowRadius": 2,
            "width": 56,
          }
        }
      >
        <Text
          accessible={true}
          allowFontScaling={true}
          ellipsizeMode="tail"
        />
      </View>
    </View>
  </View>
</View>
`;
