// Jest Snapshot v1, https://goo.gl/fbAQLP

exports[`TodoAdder renders correctly 1`] = `
<View>
  <Modal
    animationType="slide"
    hardwareAccelerated={false}
    onRequestClose={[Function]}
    transparent={false}
    visible={false}
  >
    <View
      style={
        Object {
          "flex": 1,
          "paddingVertical": 30,
        }
      }
    >
      TodoSchema
    </View>
  </Modal>
  <View
    style={
      Object {
        "marginBottom": 20,
      }
    }
  >
    <View
      accessible={true}
      isTVSelectable={true}
      onResponderGrant={[Function]}
      onResponderMove={[Function]}
      onResponderRelease={[Function]}
      onResponderTerminate={[Function]}
      onResponderTerminationRequest={[Function]}
      onStartShouldSetResponder={[Function]}
      style={null}
    >
      <View
        style={
          Object {
            "alignItems": "center",
            "backgroundColor": "#00AAEE",
            "borderColor": "#777",
            "borderRadius": 30,
            "borderWidth": 1,
            "height": 60,
            "justifyContent": "center",
            "width": 60,
          }
        }
      >
        <Text
          accessible={true}
          allowFontScaling={true}
          ellipsizeMode="tail"
        />
      </View>
    </View>
  </View>
</View>
`;
