// Jest Snapshot v1, https://goo.gl/fbAQLP

exports[`TodoAdder renders correctly 1`] = `
<View>
  <Modal
    animationType="slide"
    hardwareAccelerated={false}
    onRequestClose={[Function]}
    transparent={false}
    visible={false}
  >
    <View
      style={
        Object {
          "flex": 1,
          "paddingVertical": 30,
        }
      }
    >
      TodoSchema
    </View>
  </Modal>
  <View
    style={
      Object {
        "marginBottom": 20,
      }
    }
  >
    <Text
      accessible={true}
      allowFontScaling={true}
      ellipsizeMode="tail"
    />
  </View>
</View>
`;
