// Jest Snapshot v1, https://goo.gl/fbAQLP

exports[`TodoList should render correctly 1`] = `
<View
  style={
    Object {
      "flex": 1,
      "width": "100%",
    }
  }
>
  <View
    style={
      Array [
        Object {
          "backgroundColor": "#dbddde",
          "overflow": "hidden",
        },
        undefined,
      ]
    }
  >
    <View
      onLayout={[Function]}
      onMoveShouldSetResponder={[Function]}
      onMoveShouldSetResponderCapture={[Function]}
      onResponderEnd={[Function]}
      onResponderGrant={[Function]}
      onResponderMove={[Function]}
      onResponderReject={[Function]}
      onResponderRelease={[Function]}
      onResponderStart={[Function]}
      onResponderTerminate={[Function]}
      onResponderTerminationRequest={[Function]}
      onStartShouldSetResponder={[Function]}
      onStartShouldSetResponderCapture={[Function]}
      style={
        Array [
          Object {},
          Object {
            "transform": Array [
              Object {
                "translateX": 0,
              },
            ],
          },
        ]
      }
    >
      <View
        style={
          Object {
            "backgroundColor": "#FFF",
            "borderBottomColor": "#CCC",
            "borderBottomWidth": 0.5,
            "display": "flex",
            "height": 50,
            "justifyContent": "center",
            "paddingLeft": 15,
            "width": "100%",
          }
        }
      >
        <Text
          accessible={true}
          allowFontScaling={true}
          ellipsizeMode="tail"
        >
          Test todo
        </Text>
      </View>
    </View>
    <View />
    <View />
  </View>
</View>
`;
